// Jest Snapshot v1, https://goo.gl/fbAQLP

exports[`FOV createRaysFromPoint 1`] = `
Array [
  Object {
    "angle": 0.7852981633974483,
    "x": 7.071774883290144,
    "y": 7.070360669730128,
  },
  Object {
    "angle": 0.7853981633974483,
    "x": 7.0710678118654755,
    "y": 7.071067811865475,
  },
  Object {
    "angle": 0.7854981633974483,
    "x": 7.070360669730128,
    "y": 7.071774883290144,
  },
]
`;

exports[`FOV fov 1`] = `
Array [
  Object {
    "angle": 0.7852981633974483,
    "x": 3.535887441645072,
    "y": 3.535180334865064,
  },
  Object {
    "angle": 0.7853981633974483,
    "x": 3.5355339059327378,
    "y": 3.5355339059327373,
  },
  Object {
    "angle": 0.7854981633974483,
    "x": 3.535180334865064,
    "y": 3.535887441645072,
  },
  Object {
    "angle": 0.4635476090008061,
    "x": 4.472359539436277,
    "y": 2.235620752724695,
  },
  Object {
    "angle": 0.4636476090008061,
    "x": 4.47213595499958,
    "y": 2.23606797749979,
  },
  Object {
    "angle": 0.4637476090008061,
    "x": 4.471912325841522,
    "y": 2.2365151799142042,
  },
]
`;
